parse error: syntax error
Parse failed: "hello world"
